// Jest Snapshot v1, https://goo.gl/fbAQLP

exports[`matches snapshot 1`] = `
<DocumentFragment>
  <div
    class="TodoList"
  >
    <h1>
      Todo List
    </h1>
    <form
      class="NewTodoForm"
    >
      <label
        for="task"
      >
        Task
      </label>
      <input
        id="task"
        name="task"
        placeholder="Todo"
        type="text"
        value=""
      />
      <button>
        Add New Todo!
      </button>
    </form>
    <div
      class="TodoList-todos-div"
    />
  </div>
</DocumentFragment>
`;
