// Jest Snapshot v1, https://goo.gl/fbAQLP

exports[`matching a snapshot 1`] = `
<DocumentFragment>
  <div>
    <div
      style="height: 100px; width: 100px; background-color: purple;"
    />
    <button>
      X
    </button>
  </div>
</DocumentFragment>
`;
